Analysis & Elaboration report for debounce
Sat Nov 15 00:47:14 2025
Quartus Prime Version 23.1std.1 Build 993 05/14/2024 SC Lite Edition


---------------------
; Table of Contents ;
---------------------
  1. Legal Notice
  2. Analysis & Elaboration Summary
  3. Parallel Compilation
  4. Parameter Settings for User Entity Instance: ball_bricks_collision:uut
  5. Analysis & Elaboration Settings
  6. Port Connectivity Checks: "ball_bricks_collision:uut"
  7. Analysis & Elaboration Messages
  8. Analysis & Elaboration Suppressed Messages



----------------
; Legal Notice ;
----------------
Copyright (C) 2024  Intel Corporation. All rights reserved.
Your use of Intel Corporation's design tools, logic functions 
and other software and tools, and any partner logic 
functions, and any output files from any of the foregoing 
(including device programming or simulation files), and any 
associated documentation or information are expressly subject 
to the terms and conditions of the Intel Program License 
Subscription Agreement, the Intel Quartus Prime License Agreement,
the Intel FPGA IP License Agreement, or other applicable license
agreement, including, without limitation, that your use is for
the sole purpose of programming logic devices manufactured by
Intel and sold by Intel or its authorized distributors.  Please
refer to the applicable agreement for further details, at
https://fpgasoftware.intel.com/eula.



+-------------------------------------------------------------------------------------+
; Analysis & Elaboration Summary                                                      ;
+------------------------------------+------------------------------------------------+
; Analysis & Elaboration Status      ; Successful - Sat Nov 15 00:47:14 2025          ;
; Quartus Prime Version              ; 23.1std.1 Build 993 05/14/2024 SC Lite Edition ;
; Revision Name                      ; debounce                                       ;
; Top-level Entity Name              ; tb_ball_bricks_collision                       ;
; Family                             ; Cyclone IV E                                   ;
; Total logic elements               ; N/A until Partition Merge                      ;
;     Total combinational functions  ; N/A until Partition Merge                      ;
;     Dedicated logic registers      ; N/A until Partition Merge                      ;
; Total registers                    ; N/A until Partition Merge                      ;
; Total pins                         ; N/A until Partition Merge                      ;
; Total virtual pins                 ; N/A until Partition Merge                      ;
; Total memory bits                  ; N/A until Partition Merge                      ;
; Embedded Multiplier 9-bit elements ; N/A until Partition Merge                      ;
; Total PLLs                         ; N/A until Partition Merge                      ;
+------------------------------------+------------------------------------------------+


+------------------------------------------+
; Parallel Compilation                     ;
+----------------------------+-------------+
; Processors                 ; Number      ;
+----------------------------+-------------+
; Number detected on machine ; 32          ;
; Maximum allowed            ; 16          ;
;                            ;             ;
; Average used               ; 1.00        ;
; Maximum used               ; 1           ;
;                            ;             ;
; Usage by Processor         ; % Time Used ;
;     Processor 1            ; 100.0%      ;
+----------------------------+-------------+


+------------------------------------------------------------------------+
; Parameter Settings for User Entity Instance: ball_bricks_collision:uut ;
+----------------+-------+-----------------------------------------------+
; Parameter Name ; Value ; Type                                          ;
+----------------+-------+-----------------------------------------------+
; H_VALID        ; 640   ; Signed Integer                                ;
; V_VALID        ; 480   ; Signed Integer                                ;
; BALL_SIZE      ; 8     ; Signed Integer                                ;
; BALL_SPEED     ; 4     ; Signed Integer                                ;
; BRICK_ROWS     ; 3     ; Signed Integer                                ;
; BRICK_COLS     ; 8     ; Signed Integer                                ;
; BRICK_W        ; 74    ; Signed Integer                                ;
; BRICK_H        ; 20    ; Signed Integer                                ;
; BRICK_TOP      ; 40    ; Signed Integer                                ;
; BRICK_HGAP     ; 6     ; Signed Integer                                ;
; BRICK_VGAP     ; 6     ; Signed Integer                                ;
+----------------+-------+-----------------------------------------------+
Note: In order to hide this table in the UI and the text report file, please set the "Show Parameter Settings in Synthesis Report" option in "Analysis and Synthesis Settings -> More Settings" to "Off".


+------------------------------------------------------------------------------------------------------------------+
; Analysis & Elaboration Settings                                                                                  ;
+------------------------------------------------------------------+--------------------------+--------------------+
; Option                                                           ; Setting                  ; Default Value      ;
+------------------------------------------------------------------+--------------------------+--------------------+
; Device                                                           ; EP4CE10F17C8             ;                    ;
; Top-level entity name                                            ; tb_ball_bricks_collision ; debounce           ;
; Family name                                                      ; Cyclone IV E             ; Cyclone V          ;
; Use smart compilation                                            ; Off                      ; Off                ;
; Enable parallel Assembler and Timing Analyzer during compilation ; On                       ; On                 ;
; Enable compact report table                                      ; Off                      ; Off                ;
; Restructure Multiplexers                                         ; Auto                     ; Auto               ;
; Create Debugging Nodes for IP Cores                              ; Off                      ; Off                ;
; Preserve fewer node names                                        ; On                       ; On                 ;
; Intel FPGA IP Evaluation Mode                                    ; Enable                   ; Enable             ;
; Verilog Version                                                  ; Verilog_2001             ; Verilog_2001       ;
; VHDL Version                                                     ; VHDL_1993                ; VHDL_1993          ;
; State Machine Processing                                         ; Auto                     ; Auto               ;
; Safe State Machine                                               ; Off                      ; Off                ;
; Extract Verilog State Machines                                   ; On                       ; On                 ;
; Extract VHDL State Machines                                      ; On                       ; On                 ;
; Ignore Verilog initial constructs                                ; Off                      ; Off                ;
; Iteration limit for constant Verilog loops                       ; 5000                     ; 5000               ;
; Iteration limit for non-constant Verilog loops                   ; 250                      ; 250                ;
; Add Pass-Through Logic to Inferred RAMs                          ; On                       ; On                 ;
; Infer RAMs from Raw Logic                                        ; On                       ; On                 ;
; Parallel Synthesis                                               ; On                       ; On                 ;
; DSP Block Balancing                                              ; Auto                     ; Auto               ;
; NOT Gate Push-Back                                               ; On                       ; On                 ;
; Power-Up Don't Care                                              ; On                       ; On                 ;
; Remove Redundant Logic Cells                                     ; Off                      ; Off                ;
; Remove Duplicate Registers                                       ; On                       ; On                 ;
; Ignore CARRY Buffers                                             ; Off                      ; Off                ;
; Ignore CASCADE Buffers                                           ; Off                      ; Off                ;
; Ignore GLOBAL Buffers                                            ; Off                      ; Off                ;
; Ignore ROW GLOBAL Buffers                                        ; Off                      ; Off                ;
; Ignore LCELL Buffers                                             ; Off                      ; Off                ;
; Ignore SOFT Buffers                                              ; On                       ; On                 ;
; Limit AHDL Integers to 32 Bits                                   ; Off                      ; Off                ;
; Optimization Technique                                           ; Balanced                 ; Balanced           ;
; Carry Chain Length                                               ; 70                       ; 70                 ;
; Auto Carry Chains                                                ; On                       ; On                 ;
; Auto Open-Drain Pins                                             ; On                       ; On                 ;
; Perform WYSIWYG Primitive Resynthesis                            ; Off                      ; Off                ;
; Auto ROM Replacement                                             ; On                       ; On                 ;
; Auto RAM Replacement                                             ; On                       ; On                 ;
; Auto DSP Block Replacement                                       ; On                       ; On                 ;
; Auto Shift Register Replacement                                  ; Auto                     ; Auto               ;
; Allow Shift Register Merging across Hierarchies                  ; Auto                     ; Auto               ;
; Auto Clock Enable Replacement                                    ; On                       ; On                 ;
; Strict RAM Replacement                                           ; Off                      ; Off                ;
; Allow Synchronous Control Signals                                ; On                       ; On                 ;
; Force Use of Synchronous Clear Signals                           ; Off                      ; Off                ;
; Auto RAM Block Balancing                                         ; On                       ; On                 ;
; Auto RAM to Logic Cell Conversion                                ; Off                      ; Off                ;
; Auto Resource Sharing                                            ; Off                      ; Off                ;
; Allow Any RAM Size For Recognition                               ; Off                      ; Off                ;
; Allow Any ROM Size For Recognition                               ; Off                      ; Off                ;
; Allow Any Shift Register Size For Recognition                    ; Off                      ; Off                ;
; Use LogicLock Constraints during Resource Balancing              ; On                       ; On                 ;
; Ignore translate_off and synthesis_off directives                ; Off                      ; Off                ;
; Timing-Driven Synthesis                                          ; On                       ; On                 ;
; Report Parameter Settings                                        ; On                       ; On                 ;
; Report Source Assignments                                        ; On                       ; On                 ;
; Report Connectivity Checks                                       ; On                       ; On                 ;
; Ignore Maximum Fan-Out Assignments                               ; Off                      ; Off                ;
; Synchronization Register Chain Length                            ; 2                        ; 2                  ;
; Power Optimization During Synthesis                              ; Normal compilation       ; Normal compilation ;
; HDL message level                                                ; Level2                   ; Level2             ;
; Suppress Register Optimization Related Messages                  ; Off                      ; Off                ;
; Number of Removed Registers Reported in Synthesis Report         ; 5000                     ; 5000               ;
; Number of Swept Nodes Reported in Synthesis Report               ; 5000                     ; 5000               ;
; Number of Inverted Registers Reported in Synthesis Report        ; 100                      ; 100                ;
; Clock MUX Protection                                             ; On                       ; On                 ;
; Auto Gated Clock Conversion                                      ; Off                      ; Off                ;
; Block Design Naming                                              ; Auto                     ; Auto               ;
; SDC constraint protection                                        ; Off                      ; Off                ;
; Synthesis Effort                                                 ; Auto                     ; Auto               ;
; Shift Register Replacement - Allow Asynchronous Clear Signal     ; On                       ; On                 ;
; Pre-Mapping Resynthesis Optimization                             ; Off                      ; Off                ;
; Analysis & Synthesis Message Level                               ; Medium                   ; Medium             ;
; Disable Register Merging Across Hierarchies                      ; Auto                     ; Auto               ;
; Resource Aware Inference For Block RAM                           ; On                       ; On                 ;
+------------------------------------------------------------------+--------------------------+--------------------+


+-------------------------------------------------------------------------------------------------------------------------+
; Port Connectivity Checks: "ball_bricks_collision:uut"                                                                   ;
+---------------+--------+----------+-------------------------------------------------------------------------------------+
; Port          ; Type   ; Severity ; Details                                                                             ;
+---------------+--------+----------+-------------------------------------------------------------------------------------+
; hit_flag      ; Output ; Info     ; Connected to dangling logic. Logic that only feeds a dangling port will be removed. ;
; bricks_flat   ; Output ; Info     ; Connected to dangling logic. Logic that only feeds a dangling port will be removed. ;
; brick_hp_flat ; Output ; Info     ; Connected to dangling logic. Logic that only feeds a dangling port will be removed. ;
+---------------+--------+----------+-------------------------------------------------------------------------------------+


+---------------------------------+
; Analysis & Elaboration Messages ;
+---------------------------------+
Info: *******************************************************************
Info: Running Quartus Prime Analysis & Elaboration
    Info: Version 23.1std.1 Build 993 05/14/2024 SC Lite Edition
    Info: Processing started: Sat Nov 15 00:47:09 2025
Info: Command: quartus_map --read_settings_files=on --write_settings_files=off debounce -c debounce --analysis_and_elaboration
Warning (18236): Number of processors has not been specified which may cause overloading on shared machines.  Set the global assignment NUM_PARALLEL_PROCESSORS in your QSF to an appropriate value for best performance.
Info (20030): Parallel compilation is enabled and will use 16 of the 24 processors detected
Info (12021): Found 1 design units, including 1 entities, in source file /fpga/project/rtl/debounce.v
    Info (12023): Found entity 1: debounce File: D:/FPGA/project/RTL/debounce.v Line: 2
Info (12021): Found 1 design units, including 1 entities, in source file /fpga/project/sim/tb_debounce.v
    Info (12023): Found entity 1: tb_debounce File: D:/FPGA/project/sim/tb_debounce.v Line: 3
Info (12021): Found 1 design units, including 1 entities, in source file /fpga/project/rtl/ball_wall_collision.v
    Info (12023): Found entity 1: ball_wall_collision File: D:/FPGA/project/RTL/ball_wall_collision.v Line: 2
Info (12021): Found 1 design units, including 1 entities, in source file /fpga/project/sim/tb_ball_wall_collision.v
    Info (12023): Found entity 1: tb_ball_wall_collision File: D:/FPGA/project/sim/tb_ball_wall_collision.v Line: 2
Info (12021): Found 1 design units, including 1 entities, in source file /fpga/project/rtl/ball_paddle.v
    Info (12023): Found entity 1: ball_paddle File: D:/FPGA/project/RTL/ball_paddle.v Line: 2
Info (12021): Found 1 design units, including 1 entities, in source file /fpga/project/sim/tb_ball_paddle.v
    Info (12023): Found entity 1: tb_ball_paddle File: D:/FPGA/project/sim/tb_ball_paddle.v Line: 2
Info (12021): Found 1 design units, including 1 entities, in source file /fpga/project/rtl/ball_bricks_collision.v
    Info (12023): Found entity 1: ball_bricks_collision File: D:/FPGA/project/RTL/ball_bricks_collision.v Line: 2
Info (12021): Found 1 design units, including 1 entities, in source file /fpga/project/sim/tb_ball_bricks_collision.v
    Info (12023): Found entity 1: tb_ball_bricks_collision File: D:/FPGA/project/sim/tb_ball_bricks_collision.v Line: 2
Info (12127): Elaborating entity "tb_ball_bricks_collision" for the top level hierarchy
Warning (10755): Verilog HDL warning at tb_ball_bricks_collision.v(55): assignments to artificial_clk create a combinational loop File: D:/FPGA/project/sim/tb_ball_bricks_collision.v Line: 55
Warning (10193): Verilog HDL unsupported feature warning at tb_ball_bricks_collision.v(72): Wait Statement is not supported and is ignored File: D:/FPGA/project/sim/tb_ball_bricks_collision.v Line: 72
Warning (10175): Verilog HDL warning at tb_ball_bricks_collision.v(107): ignoring unsupported system task File: D:/FPGA/project/sim/tb_ball_bricks_collision.v Line: 107
Warning (10855): Verilog HDL warning at tb_ball_bricks_collision.v(64): initial value for variable artificial_ball_x_in should be constant File: D:/FPGA/project/sim/tb_ball_bricks_collision.v Line: 64
Warning (10855): Verilog HDL warning at tb_ball_bricks_collision.v(64): initial value for variable artificial_ball_y_in should be constant File: D:/FPGA/project/sim/tb_ball_bricks_collision.v Line: 64
Warning (10855): Verilog HDL warning at tb_ball_bricks_collision.v(64): initial value for variable artificial_vx_in should be constant File: D:/FPGA/project/sim/tb_ball_bricks_collision.v Line: 64
Warning (10855): Verilog HDL warning at tb_ball_bricks_collision.v(64): initial value for variable artificial_vy_in should be constant File: D:/FPGA/project/sim/tb_ball_bricks_collision.v Line: 64
Info (12128): Elaborating entity "ball_bricks_collision" for hierarchy "ball_bricks_collision:uut" File: D:/FPGA/project/sim/tb_ball_bricks_collision.v Line: 42
Warning (10036): Verilog HDL or VHDL warning at ball_bricks_collision.v(46): object "prev_x" assigned a value but never read File: D:/FPGA/project/RTL/ball_bricks_collision.v Line: 46
Warning (10230): Verilog HDL assignment warning at ball_bricks_collision.v(55): truncated value with size 32 to match size of target (11) File: D:/FPGA/project/RTL/ball_bricks_collision.v Line: 55
Warning (10230): Verilog HDL assignment warning at ball_bricks_collision.v(56): truncated value with size 32 to match size of target (11) File: D:/FPGA/project/RTL/ball_bricks_collision.v Line: 56
Warning (10230): Verilog HDL assignment warning at ball_bricks_collision.v(57): truncated value with size 32 to match size of target (6) File: D:/FPGA/project/RTL/ball_bricks_collision.v Line: 57
Warning (10230): Verilog HDL assignment warning at ball_bricks_collision.v(58): truncated value with size 32 to match size of target (6) File: D:/FPGA/project/RTL/ball_bricks_collision.v Line: 58
Warning (10230): Verilog HDL assignment warning at ball_bricks_collision.v(84): truncated value with size 32 to match size of target (16) File: D:/FPGA/project/RTL/ball_bricks_collision.v Line: 84
Warning (10230): Verilog HDL assignment warning at ball_bricks_collision.v(96): truncated value with size 32 to match size of target (11) File: D:/FPGA/project/RTL/ball_bricks_collision.v Line: 96
Warning (10230): Verilog HDL assignment warning at ball_bricks_collision.v(97): truncated value with size 32 to match size of target (11) File: D:/FPGA/project/RTL/ball_bricks_collision.v Line: 97
Warning (10230): Verilog HDL assignment warning at ball_bricks_collision.v(98): truncated value with size 32 to match size of target (11) File: D:/FPGA/project/RTL/ball_bricks_collision.v Line: 98
Warning (10230): Verilog HDL assignment warning at ball_bricks_collision.v(99): truncated value with size 32 to match size of target (11) File: D:/FPGA/project/RTL/ball_bricks_collision.v Line: 99
Warning (10240): Verilog HDL Always Construct warning at ball_bricks_collision.v(53): inferring latch(es) for variable "idx", which holds its previous value in one or more paths through the always construct File: D:/FPGA/project/RTL/ball_bricks_collision.v Line: 53
Warning (12011): Net is missing source, defaulting to GND
    Warning (12110): Net "artificial_clk" is missing source, defaulting to GND File: D:/FPGA/project/sim/tb_ball_bricks_collision.v Line: 7
Info (144001): Generated suppressed messages file D:/FPGA/project/Quartus_prj/output_files/debounce.map.smsg
Info: Quartus Prime Analysis & Elaboration was successful. 0 errors, 21 warnings
    Info: Peak virtual memory: 4734 megabytes
    Info: Processing ended: Sat Nov 15 00:47:14 2025
    Info: Elapsed time: 00:00:05
    Info: Total CPU time (on all processors): 00:00:11


+--------------------------------------------+
; Analysis & Elaboration Suppressed Messages ;
+--------------------------------------------+
The suppressed messages can be found in D:/FPGA/project/Quartus_prj/output_files/debounce.map.smsg.


