Analysis & Elaboration report for vga_display
Wed Nov 19 22:04:19 2025
Quartus Prime Version 23.1std.1 Build 993 05/14/2024 SC Lite Edition


---------------------
; Table of Contents ;
---------------------
  1. Legal Notice
  2. Analysis & Elaboration Summary
  3. Parallel Compilation
  4. Parameter Settings for User Entity Instance: Top-level Entity: |vga_pic
  5. Analysis & Elaboration Settings
  6. Analysis & Elaboration Messages
  7. Analysis & Elaboration Suppressed Messages



----------------
; Legal Notice ;
----------------
Copyright (C) 2024  Intel Corporation. All rights reserved.
Your use of Intel Corporation's design tools, logic functions 
and other software and tools, and any partner logic 
functions, and any output files from any of the foregoing 
(including device programming or simulation files), and any 
associated documentation or information are expressly subject 
to the terms and conditions of the Intel Program License 
Subscription Agreement, the Intel Quartus Prime License Agreement,
the Intel FPGA IP License Agreement, or other applicable license
agreement, including, without limitation, that your use is for
the sole purpose of programming logic devices manufactured by
Intel and sold by Intel or its authorized distributors.  Please
refer to the applicable agreement for further details, at
https://fpgasoftware.intel.com/eula.



+-------------------------------------------------------------------------------------+
; Analysis & Elaboration Summary                                                      ;
+------------------------------------+------------------------------------------------+
; Analysis & Elaboration Status      ; Successful - Wed Nov 19 22:04:19 2025          ;
; Quartus Prime Version              ; 23.1std.1 Build 993 05/14/2024 SC Lite Edition ;
; Revision Name                      ; vga_display                                    ;
; Top-level Entity Name              ; vga_pic                                        ;
; Family                             ; Cyclone IV E                                   ;
; Total logic elements               ; N/A until Partition Merge                      ;
;     Total combinational functions  ; N/A until Partition Merge                      ;
;     Dedicated logic registers      ; N/A until Partition Merge                      ;
; Total registers                    ; N/A until Partition Merge                      ;
; Total pins                         ; N/A until Partition Merge                      ;
; Total virtual pins                 ; N/A until Partition Merge                      ;
; Total memory bits                  ; N/A until Partition Merge                      ;
; Embedded Multiplier 9-bit elements ; N/A until Partition Merge                      ;
; Total PLLs                         ; N/A until Partition Merge                      ;
+------------------------------------+------------------------------------------------+


+------------------------------------------+
; Parallel Compilation                     ;
+----------------------------+-------------+
; Processors                 ; Number      ;
+----------------------------+-------------+
; Number detected on machine ; 32          ;
; Maximum allowed            ; 16          ;
;                            ;             ;
; Average used               ; 1.00        ;
; Maximum used               ; 1           ;
;                            ;             ;
; Usage by Processor         ; % Time Used ;
;     Processor 1            ; 100.0%      ;
+----------------------------+-------------+


+-------------------------------------------------------------------------+
; Parameter Settings for User Entity Instance: Top-level Entity: |vga_pic ;
+----------------+----------------------------------+---------------------+
; Parameter Name ; Value                            ; Type                ;
+----------------+----------------------------------+---------------------+
; GET_START      ; 00                               ; Unsigned Binary     ;
; GET_GAME       ; 01                               ; Unsigned Binary     ;
; GET_END        ; 10                               ; Unsigned Binary     ;
; H_VALID        ; 1010000000                       ; Unsigned Binary     ;
; V_VALID        ; 0111100000                       ; Unsigned Binary     ;
; BLACK          ; 0000000000000000                 ; Unsigned Binary     ;
; WHITE          ; 1111111111111111                 ; Unsigned Binary     ;
; GREEN          ; 0000011111100000                 ; Unsigned Binary     ;
; CYAN           ; 0000011111111111                 ; Unsigned Binary     ;
; PURPLE         ; 1111100000011111                 ; Unsigned Binary     ;
; YELLOW         ; 1111111111100000                 ; Unsigned Binary     ;
; RED            ; 1111100000000000                 ; Unsigned Binary     ;
; BLUE           ; 0000000000011111                 ; Unsigned Binary     ;
; CHAR_W         ; 90                               ; Signed Integer      ;
; CHAR_H         ; 180                              ; Signed Integer      ;
; GAP            ; 20                               ; Signed Integer      ;
; BRICK_ROWS     ; 3                                ; Signed Integer      ;
; BRICK_COLS     ; 8                                ; Signed Integer      ;
; BRICK_W        ; 00000000000000000000000001001010 ; Unsigned Binary     ;
; BRICK_H        ; 20                               ; Signed Integer      ;
; BRICK_TOP      ; 40                               ; Signed Integer      ;
; BRICK_HGAP     ; 6                                ; Signed Integer      ;
; BRICK_VGAP     ; 6                                ; Signed Integer      ;
; TOTAL_W_START  ; 530                              ; Signed Integer      ;
; START_X_START  ; 00000000000000000000000000110111 ; Unsigned Binary     ;
; START_Y_START  ; 00000000000000000000000010010110 ; Unsigned Binary     ;
; X_S            ; 00000000000000000000000000110111 ; Unsigned Binary     ;
; X_T            ; 00000000000000000000000010100101 ; Unsigned Binary     ;
; X_A            ; 00000000000000000000000100010011 ; Unsigned Binary     ;
; X_R            ; 00000000000000000000000110000001 ; Unsigned Binary     ;
; X_T2           ; 00000000000000000000000111101111 ; Unsigned Binary     ;
; TOTAL_W_END    ; 310                              ; Signed Integer      ;
; START_X_END    ; 00000000000000000000000010100101 ; Unsigned Binary     ;
; START_Y_END    ; 00000000000000000000000010010110 ; Unsigned Binary     ;
; X_E            ; 00000000000000000000000010100101 ; Unsigned Binary     ;
; X_N            ; 00000000000000000000000100010011 ; Unsigned Binary     ;
; X_D            ; 00000000000000000000000110000001 ; Unsigned Binary     ;
; PADDLE_W_INIT  ; 140                              ; Signed Integer      ;
; PADDLE_W_MIN   ; 40                               ; Signed Integer      ;
; PADDLE_SHRINK  ; 20                               ; Signed Integer      ;
; PADDLE_H       ; 10                               ; Signed Integer      ;
; PADDLE_Y       ; 440                              ; Signed Integer      ;
; CNT_20MS_MAX   ; 00011110100001001000             ; Unsigned Binary     ;
; MOVE_STEP      ; 10                               ; Signed Integer      ;
; BALL_SIZE      ; 8                                ; Signed Integer      ;
; BALL_SPEED     ; 4                                ; Signed Integer      ;
; BALL_START_GAP ; 40                               ; Signed Integer      ;
+----------------+----------------------------------+---------------------+
Note: In order to hide this table in the UI and the text report file, please set the "Show Parameter Settings in Synthesis Report" option in "Analysis and Synthesis Settings -> More Settings" to "Off".


+------------------------------------------------------------------------------------------------------------+
; Analysis & Elaboration Settings                                                                            ;
+------------------------------------------------------------------+--------------------+--------------------+
; Option                                                           ; Setting            ; Default Value      ;
+------------------------------------------------------------------+--------------------+--------------------+
; Device                                                           ; EP4CE10F17C8       ;                    ;
; Top-level entity name                                            ; vga_pic            ; vga_display        ;
; Family name                                                      ; Cyclone IV E       ; Cyclone V          ;
; Use smart compilation                                            ; Off                ; Off                ;
; Enable parallel Assembler and Timing Analyzer during compilation ; On                 ; On                 ;
; Enable compact report table                                      ; Off                ; Off                ;
; Restructure Multiplexers                                         ; Auto               ; Auto               ;
; Create Debugging Nodes for IP Cores                              ; Off                ; Off                ;
; Preserve fewer node names                                        ; On                 ; On                 ;
; Intel FPGA IP Evaluation Mode                                    ; Enable             ; Enable             ;
; Verilog Version                                                  ; Verilog_2001       ; Verilog_2001       ;
; VHDL Version                                                     ; VHDL_1993          ; VHDL_1993          ;
; State Machine Processing                                         ; Auto               ; Auto               ;
; Safe State Machine                                               ; Off                ; Off                ;
; Extract Verilog State Machines                                   ; On                 ; On                 ;
; Extract VHDL State Machines                                      ; On                 ; On                 ;
; Ignore Verilog initial constructs                                ; Off                ; Off                ;
; Iteration limit for constant Verilog loops                       ; 5000               ; 5000               ;
; Iteration limit for non-constant Verilog loops                   ; 250                ; 250                ;
; Add Pass-Through Logic to Inferred RAMs                          ; On                 ; On                 ;
; Infer RAMs from Raw Logic                                        ; On                 ; On                 ;
; Parallel Synthesis                                               ; On                 ; On                 ;
; DSP Block Balancing                                              ; Auto               ; Auto               ;
; NOT Gate Push-Back                                               ; On                 ; On                 ;
; Power-Up Don't Care                                              ; On                 ; On                 ;
; Remove Redundant Logic Cells                                     ; Off                ; Off                ;
; Remove Duplicate Registers                                       ; On                 ; On                 ;
; Ignore CARRY Buffers                                             ; Off                ; Off                ;
; Ignore CASCADE Buffers                                           ; Off                ; Off                ;
; Ignore GLOBAL Buffers                                            ; Off                ; Off                ;
; Ignore ROW GLOBAL Buffers                                        ; Off                ; Off                ;
; Ignore LCELL Buffers                                             ; Off                ; Off                ;
; Ignore SOFT Buffers                                              ; On                 ; On                 ;
; Limit AHDL Integers to 32 Bits                                   ; Off                ; Off                ;
; Optimization Technique                                           ; Balanced           ; Balanced           ;
; Carry Chain Length                                               ; 70                 ; 70                 ;
; Auto Carry Chains                                                ; On                 ; On                 ;
; Auto Open-Drain Pins                                             ; On                 ; On                 ;
; Perform WYSIWYG Primitive Resynthesis                            ; Off                ; Off                ;
; Auto ROM Replacement                                             ; On                 ; On                 ;
; Auto RAM Replacement                                             ; On                 ; On                 ;
; Auto DSP Block Replacement                                       ; On                 ; On                 ;
; Auto Shift Register Replacement                                  ; Auto               ; Auto               ;
; Allow Shift Register Merging across Hierarchies                  ; Auto               ; Auto               ;
; Auto Clock Enable Replacement                                    ; On                 ; On                 ;
; Strict RAM Replacement                                           ; Off                ; Off                ;
; Allow Synchronous Control Signals                                ; On                 ; On                 ;
; Force Use of Synchronous Clear Signals                           ; Off                ; Off                ;
; Auto RAM Block Balancing                                         ; On                 ; On                 ;
; Auto RAM to Logic Cell Conversion                                ; Off                ; Off                ;
; Auto Resource Sharing                                            ; Off                ; Off                ;
; Allow Any RAM Size For Recognition                               ; Off                ; Off                ;
; Allow Any ROM Size For Recognition                               ; Off                ; Off                ;
; Allow Any Shift Register Size For Recognition                    ; Off                ; Off                ;
; Use LogicLock Constraints during Resource Balancing              ; On                 ; On                 ;
; Ignore translate_off and synthesis_off directives                ; Off                ; Off                ;
; Timing-Driven Synthesis                                          ; On                 ; On                 ;
; Report Parameter Settings                                        ; On                 ; On                 ;
; Report Source Assignments                                        ; On                 ; On                 ;
; Report Connectivity Checks                                       ; On                 ; On                 ;
; Ignore Maximum Fan-Out Assignments                               ; Off                ; Off                ;
; Synchronization Register Chain Length                            ; 2                  ; 2                  ;
; Power Optimization During Synthesis                              ; Normal compilation ; Normal compilation ;
; HDL message level                                                ; Level2             ; Level2             ;
; Suppress Register Optimization Related Messages                  ; Off                ; Off                ;
; Number of Removed Registers Reported in Synthesis Report         ; 5000               ; 5000               ;
; Number of Swept Nodes Reported in Synthesis Report               ; 5000               ; 5000               ;
; Number of Inverted Registers Reported in Synthesis Report        ; 100                ; 100                ;
; Clock MUX Protection                                             ; On                 ; On                 ;
; Auto Gated Clock Conversion                                      ; Off                ; Off                ;
; Block Design Naming                                              ; Auto               ; Auto               ;
; SDC constraint protection                                        ; Off                ; Off                ;
; Synthesis Effort                                                 ; Auto               ; Auto               ;
; Shift Register Replacement - Allow Asynchronous Clear Signal     ; On                 ; On                 ;
; Pre-Mapping Resynthesis Optimization                             ; Off                ; Off                ;
; Analysis & Synthesis Message Level                               ; Medium             ; Medium             ;
; Disable Register Merging Across Hierarchies                      ; Auto               ; Auto               ;
; Resource Aware Inference For Block RAM                           ; On                 ; On                 ;
+------------------------------------------------------------------+--------------------+--------------------+


+---------------------------------+
; Analysis & Elaboration Messages ;
+---------------------------------+
Info: *******************************************************************
Info: Running Quartus Prime Analysis & Elaboration
    Info: Version 23.1std.1 Build 993 05/14/2024 SC Lite Edition
    Info: Processing started: Wed Nov 19 22:04:13 2025
Info: Command: quartus_map --read_settings_files=on --write_settings_files=off vga_display -c vga_display --analysis_and_elaboration
Warning (18236): Number of processors has not been specified which may cause overloading on shared machines.  Set the global assignment NUM_PARALLEL_PROCESSORS in your QSF to an appropriate value for best performance.
Info (20030): Parallel compilation is enabled and will use 16 of the 24 processors detected
Info (12021): Found 1 design units, including 1 entities, in source file /project_test/rtl/pll.v
    Info (12023): Found entity 1: pll File: D:/project_test/RTL/pll.v Line: 1
Info (12021): Found 1 design units, including 1 entities, in source file /project_test/rtl/vga_ctrl.v
    Info (12023): Found entity 1: vga_ctrl File: D:/project_test/RTL/vga_ctrl.v Line: 1
Info (12021): Found 1 design units, including 1 entities, in source file /project_test/rtl/vga_pic.v
    Info (12023): Found entity 1: vga_pic File: D:/project_test/RTL/vga_pic.v Line: 1
Info (12021): Found 1 design units, including 1 entities, in source file /project_test/rtl/vga_display.v
    Info (12023): Found entity 1: vga_display File: D:/project_test/RTL/vga_display.v Line: 2
Info (12021): Found 1 design units, including 1 entities, in source file /project_test/sim/tb_pll.v
    Info (12023): Found entity 1: tb_pll File: D:/project_test/SIM/tb_pll.v Line: 4
Info (12021): Found 1 design units, including 1 entities, in source file /project_test/sim/tb_vga_ctrl.v
    Info (12023): Found entity 1: tb_vga_ctrl File: D:/project_test/SIM/tb_vga_ctrl.v Line: 3
Info (12021): Found 1 design units, including 1 entities, in source file /project_test/sim/tb_vga_pic.v
    Info (12023): Found entity 1: tb_vga_pic File: D:/project_test/SIM/tb_vga_pic.v Line: 3
Info (12021): Found 1 design units, including 1 entities, in source file /project_test/sim/tb_vga_display.v
    Info (12023): Found entity 1: tb_vga_display File: D:/project_test/SIM/tb_vga_display.v Line: 4
Info (12127): Elaborating entity "vga_pic" for the top level hierarchy
Warning (10036): Verilog HDL or VHDL warning at vga_pic.v(56): object "prev_ball_x_temp" assigned a value but never read File: D:/project_test/RTL/vga_pic.v Line: 56
Warning (10036): Verilog HDL or VHDL warning at vga_pic.v(126): object "paddle_hit_cnt" assigned a value but never read File: D:/project_test/RTL/vga_pic.v Line: 126
Warning (10230): Verilog HDL assignment warning at vga_pic.v(390): truncated value with size 32 to match size of target (11) File: D:/project_test/RTL/vga_pic.v Line: 390
Warning (10230): Verilog HDL assignment warning at vga_pic.v(391): truncated value with size 32 to match size of target (11) File: D:/project_test/RTL/vga_pic.v Line: 391
Warning (10230): Verilog HDL assignment warning at vga_pic.v(393): truncated value with size 32 to match size of target (6) File: D:/project_test/RTL/vga_pic.v Line: 393
Warning (10230): Verilog HDL assignment warning at vga_pic.v(399): truncated value with size 32 to match size of target (10) File: D:/project_test/RTL/vga_pic.v Line: 399
Warning (10230): Verilog HDL assignment warning at vga_pic.v(400): truncated value with size 32 to match size of target (10) File: D:/project_test/RTL/vga_pic.v Line: 400
Warning (10230): Verilog HDL assignment warning at vga_pic.v(415): truncated value with size 32 to match size of target (11) File: D:/project_test/RTL/vga_pic.v Line: 415
Warning (10230): Verilog HDL assignment warning at vga_pic.v(416): truncated value with size 32 to match size of target (11) File: D:/project_test/RTL/vga_pic.v Line: 416
Warning (10230): Verilog HDL assignment warning at vga_pic.v(418): truncated value with size 32 to match size of target (6) File: D:/project_test/RTL/vga_pic.v Line: 418
Warning (10230): Verilog HDL assignment warning at vga_pic.v(420): truncated value with size 32 to match size of target (10) File: D:/project_test/RTL/vga_pic.v Line: 420
Warning (10230): Verilog HDL assignment warning at vga_pic.v(421): truncated value with size 32 to match size of target (10) File: D:/project_test/RTL/vga_pic.v Line: 421
Warning (10230): Verilog HDL assignment warning at vga_pic.v(451): truncated value with size 32 to match size of target (10) File: D:/project_test/RTL/vga_pic.v Line: 451
Warning (10230): Verilog HDL assignment warning at vga_pic.v(453): truncated value with size 32 to match size of target (10) File: D:/project_test/RTL/vga_pic.v Line: 453
Warning (10230): Verilog HDL assignment warning at vga_pic.v(458): truncated value with size 32 to match size of target (10) File: D:/project_test/RTL/vga_pic.v Line: 458
Warning (10230): Verilog HDL assignment warning at vga_pic.v(460): truncated value with size 32 to match size of target (10) File: D:/project_test/RTL/vga_pic.v Line: 460
Warning (10230): Verilog HDL assignment warning at vga_pic.v(479): truncated value with size 32 to match size of target (6) File: D:/project_test/RTL/vga_pic.v Line: 479
Warning (10230): Verilog HDL assignment warning at vga_pic.v(484): truncated value with size 32 to match size of target (6) File: D:/project_test/RTL/vga_pic.v Line: 484
Warning (10230): Verilog HDL assignment warning at vga_pic.v(485): truncated value with size 32 to match size of target (6) File: D:/project_test/RTL/vga_pic.v Line: 485
Warning (10230): Verilog HDL assignment warning at vga_pic.v(486): truncated value with size 32 to match size of target (6) File: D:/project_test/RTL/vga_pic.v Line: 486
Warning (10230): Verilog HDL assignment warning at vga_pic.v(487): truncated value with size 32 to match size of target (6) File: D:/project_test/RTL/vga_pic.v Line: 487
Warning (10230): Verilog HDL assignment warning at vga_pic.v(488): truncated value with size 32 to match size of target (6) File: D:/project_test/RTL/vga_pic.v Line: 488
Warning (10230): Verilog HDL assignment warning at vga_pic.v(492): truncated value with size 32 to match size of target (10) File: D:/project_test/RTL/vga_pic.v Line: 492
Warning (10230): Verilog HDL assignment warning at vga_pic.v(499): truncated value with size 32 to match size of target (11) File: D:/project_test/RTL/vga_pic.v Line: 499
Warning (10230): Verilog HDL assignment warning at vga_pic.v(500): truncated value with size 32 to match size of target (6) File: D:/project_test/RTL/vga_pic.v Line: 500
Warning (10230): Verilog HDL assignment warning at vga_pic.v(503): truncated value with size 32 to match size of target (11) File: D:/project_test/RTL/vga_pic.v Line: 503
Warning (10230): Verilog HDL assignment warning at vga_pic.v(504): truncated value with size 32 to match size of target (6) File: D:/project_test/RTL/vga_pic.v Line: 504
Warning (10230): Verilog HDL assignment warning at vga_pic.v(509): truncated value with size 32 to match size of target (11) File: D:/project_test/RTL/vga_pic.v Line: 509
Warning (10230): Verilog HDL assignment warning at vga_pic.v(510): truncated value with size 32 to match size of target (6) File: D:/project_test/RTL/vga_pic.v Line: 510
Warning (10230): Verilog HDL assignment warning at vga_pic.v(519): truncated value with size 32 to match size of target (10) File: D:/project_test/RTL/vga_pic.v Line: 519
Warning (10230): Verilog HDL assignment warning at vga_pic.v(520): truncated value with size 32 to match size of target (10) File: D:/project_test/RTL/vga_pic.v Line: 520
Warning (10230): Verilog HDL assignment warning at vga_pic.v(521): truncated value with size 32 to match size of target (10) File: D:/project_test/RTL/vga_pic.v Line: 521
Warning (10230): Verilog HDL assignment warning at vga_pic.v(522): truncated value with size 32 to match size of target (10) File: D:/project_test/RTL/vga_pic.v Line: 522
Warning (10230): Verilog HDL assignment warning at vga_pic.v(559): truncated value with size 32 to match size of target (11) File: D:/project_test/RTL/vga_pic.v Line: 559
Warning (10230): Verilog HDL assignment warning at vga_pic.v(601): truncated value with size 32 to match size of target (10) File: D:/project_test/RTL/vga_pic.v Line: 601
Warning (10230): Verilog HDL assignment warning at vga_pic.v(602): truncated value with size 32 to match size of target (10) File: D:/project_test/RTL/vga_pic.v Line: 602
Warning (10230): Verilog HDL assignment warning at vga_pic.v(603): truncated value with size 32 to match size of target (10) File: D:/project_test/RTL/vga_pic.v Line: 603
Warning (10230): Verilog HDL assignment warning at vga_pic.v(604): truncated value with size 32 to match size of target (10) File: D:/project_test/RTL/vga_pic.v Line: 604
Info (10264): Verilog HDL Case Statement information at vga_pic.v(637): all case item expressions in this case statement are onehot File: D:/project_test/RTL/vga_pic.v Line: 637
Warning (10034): Output port "led1" at vga_pic.v(9) has no driver File: D:/project_test/RTL/vga_pic.v Line: 9
Warning (10034): Output port "led2" at vga_pic.v(10) has no driver File: D:/project_test/RTL/vga_pic.v Line: 10
Warning (10034): Output port "led3" at vga_pic.v(11) has no driver File: D:/project_test/RTL/vga_pic.v Line: 11
Warning (10034): Output port "led4" at vga_pic.v(12) has no driver File: D:/project_test/RTL/vga_pic.v Line: 12
Warning (10034): Output port "led5" at vga_pic.v(13) has no driver File: D:/project_test/RTL/vga_pic.v Line: 13
Info (144001): Generated suppressed messages file D:/project_test/Quartus_prj/output_files/vga_display.map.smsg
Info: Quartus Prime Analysis & Elaboration was successful. 0 errors, 44 warnings
    Info: Peak virtual memory: 4734 megabytes
    Info: Processing ended: Wed Nov 19 22:04:19 2025
    Info: Elapsed time: 00:00:06
    Info: Total CPU time (on all processors): 00:00:12


+--------------------------------------------+
; Analysis & Elaboration Suppressed Messages ;
+--------------------------------------------+
The suppressed messages can be found in D:/project_test/Quartus_prj/output_files/vga_display.map.smsg.


